// Jest Snapshot v1, https://goo.gl/fbAQLP

exports[`DailyMacros should mount the component 1`] = `
"<div>
  <section class=\\"calc-section\\">
    <h2 class=\\"calc-section__title\\">Calculate your Macros bellow:</h2>
    <transition-stub name=\\"rotate\\">
      <div class=\\"calc-section__form-container\\">
        <form class=\\"bodyfat-form\\">
          <div><label for=\\"input\\" class=\\"field__label\\">Daily calories</label> <input id=\\"input\\" type=\\"text\\" autocomplete=\\"off\\" class=\\"field__input\\"></div> <span>
    Don't know your <b>Daily Calories</b>?
    <a class=\\"calories-link\\">
      Calculate here
    </a></span>
          <div><label for=\\"input\\" class=\\"field__label\\">Weight (kg)</label> <input id=\\"input\\" type=\\"text\\" autocomplete=\\"off\\" class=\\"field__input\\"></div>
          <div><label for=\\"select\\" class=\\"field__label\\">Select your goal</label> <select id=\\"select\\" data-testid=\\"field\\" class=\\"field__input field__input--active\\">
              <option value=\\"lose\\">
                Lose weight
              </option>
              <option value=\\"keep\\">
                Keep weight
              </option>
              <option value=\\"gain\\">
                Gain weight
              </option>
            </select></div> <button type=\\"submit\\" disabled=\\"disabled\\" class=\\"button primary\\" data-testid=\\"submit\\">
            Calculate
          </button>
        </form>
        <div><button type=\\"button\\" class=\\"button primary text\\" data-testid=\\"open-modal\\">
            How to get the measures
          </button>
          <transition-stub name=\\"modal\\" style=\\"display: none;\\">
            <div data-testid=\\"backdrop\\" class=\\"modal__backdrop\\">
              <article role=\\"dialog\\" aria-labelledby=\\"modalTitle\\" aria-describedby=\\"modalDescription\\" class=\\"modal__container\\">
                <header class=\\"modal__header\\">
                  <h1 class=\\"modal__title\\">How to get the measures</h1> <button data-testid=\\"closeButton\\" class=\\"modal__close\\"><svg xmlns=\\"http://www.w3.org/2000/svg\\" viewBox=\\"0 0 20 20\\" fill=\\"currentColor\\" class=\\"modal__close-icon\\">
                      <path fill-rule=\\"evenodd\\" d=\\"M4.293 4.293a1 1 0 011.414 0L10 8.586l4.293-4.293a1 1 0 111.414 1.414L11.414 10l4.293 4.293a1 1 0 01-1.414 1.414L10 11.414l-4.293 4.293a1 1 0 01-1.414-1.414L8.586 10 4.293 5.707a1 1 0 010-1.414z\\" clip-rule=\\"evenodd\\"></path>
                    </svg></button>
                </header>
                <main class=\\"modal__content\\">
                  <div data-testid=\\"collapse\\">
                    <section class=\\"collapse\\">
                      <header class=\\"collapse__header\\">
                        <h1>Height</h1> <svg xmlns=\\"http://www.w3.org/2000/svg\\" fill=\\"none\\" viewBox=\\"0 0 24 24\\" stroke=\\"currentColor\\" class=\\"collapse__icon\\">
                          <path stroke-linecap=\\"round\\" stroke-linejoin=\\"round\\" stroke-width=\\"2\\" d=\\"M19 9l-7 7-7-7\\"></path>
                        </svg>
                      </header>
                      <transition-stub name=\\"expand\\">
                        <!---->
                      </transition-stub>
                    </section>
                    <section class=\\"collapse\\">
                      <header class=\\"collapse__header\\">
                        <h1>Weight</h1> <svg xmlns=\\"http://www.w3.org/2000/svg\\" fill=\\"none\\" viewBox=\\"0 0 24 24\\" stroke=\\"currentColor\\" class=\\"collapse__icon\\">
                          <path stroke-linecap=\\"round\\" stroke-linejoin=\\"round\\" stroke-width=\\"2\\" d=\\"M19 9l-7 7-7-7\\"></path>
                        </svg>
                      </header>
                      <transition-stub name=\\"expand\\">
                        <!---->
                      </transition-stub>
                    </section>
                    <section class=\\"collapse\\">
                      <header class=\\"collapse__header\\">
                        <h1>Hip</h1> <svg xmlns=\\"http://www.w3.org/2000/svg\\" fill=\\"none\\" viewBox=\\"0 0 24 24\\" stroke=\\"currentColor\\" class=\\"collapse__icon\\">
                          <path stroke-linecap=\\"round\\" stroke-linejoin=\\"round\\" stroke-width=\\"2\\" d=\\"M19 9l-7 7-7-7\\"></path>
                        </svg>
                      </header>
                      <transition-stub name=\\"expand\\">
                        <!---->
                      </transition-stub>
                    </section>
                    <section class=\\"collapse\\">
                      <header class=\\"collapse__header\\">
                        <h1>Neck</h1> <svg xmlns=\\"http://www.w3.org/2000/svg\\" fill=\\"none\\" viewBox=\\"0 0 24 24\\" stroke=\\"currentColor\\" class=\\"collapse__icon\\">
                          <path stroke-linecap=\\"round\\" stroke-linejoin=\\"round\\" stroke-width=\\"2\\" d=\\"M19 9l-7 7-7-7\\"></path>
                        </svg>
                      </header>
                      <transition-stub name=\\"expand\\">
                        <!---->
                      </transition-stub>
                    </section>
                    <section class=\\"collapse\\">
                      <header class=\\"collapse__header\\">
                        <h1>Abdomen</h1> <svg xmlns=\\"http://www.w3.org/2000/svg\\" fill=\\"none\\" viewBox=\\"0 0 24 24\\" stroke=\\"currentColor\\" class=\\"collapse__icon\\">
                          <path stroke-linecap=\\"round\\" stroke-linejoin=\\"round\\" stroke-width=\\"2\\" d=\\"M19 9l-7 7-7-7\\"></path>
                        </svg>
                      </header>
                      <transition-stub name=\\"expand\\">
                        <!---->
                      </transition-stub>
                    </section>
                    <section class=\\"collapse\\">
                      <header class=\\"collapse__header\\">
                        <h1>Daily activities</h1> <svg xmlns=\\"http://www.w3.org/2000/svg\\" fill=\\"none\\" viewBox=\\"0 0 24 24\\" stroke=\\"currentColor\\" class=\\"collapse__icon\\">
                          <path stroke-linecap=\\"round\\" stroke-linejoin=\\"round\\" stroke-width=\\"2\\" d=\\"M19 9l-7 7-7-7\\"></path>
                        </svg>
                      </header>
                      <transition-stub name=\\"expand\\">
                        <!---->
                      </transition-stub>
                    </section>
                  </div>
                </main>
              </article>
            </div>
          </transition-stub>
        </div>
      </div>
    </transition-stub>
  </section>
  <aside class=\\"explanation-section\\">
    <article>
      <h1 class=\\"explanation-title\\">DAILY MACROS</h1>
      <div class=\\"explanation-content\\">
        <p>
          There are 3 macronutrients present in our food, they are
          Carbohydrate, Fat and Protein. Each one has its goals to be consumed
          and its characteristics (calories per gram, time to absorb, etc).
        </p>
        <p>
          It's the total of calories that we ingest in the day that makes us
          gain, keep, or lose weight. It's pretty simple, if you ingest more
          than your body needs in a day (Daily calories), you will gain
          weight, and the opposite is true, if you ingest less than you need,
          you lose weight.
        </p>
        <p>
          But our body is smart, when you change your daily calorie intake, it
          adapts to survive with that new total of calories, and stop gaining
          or losing weight, so you need to adapt your macros. Generally, we
          change the Carbohydrate in 10%, up if gaining weight, down if
          losing. you can change the Fat too, if you already changed the
          Carbohydrate too much. If the carbohydrate is too low, add more
          cardio exercises.
        </p>
        <p>
          But you need to do it slowly, unhurried, if you make these changes
          too fast, there will come a time when you will no longer be able to
          add or remove calories in a healthy way, and you will no longer
          evolve.
        </p>
        <p>And you can eat anything you want, if it fits your macros.</p>
      </div>
    </article> <button type=\\"button\\" class=\\"button primary text\\" data-testid=\\"open-macros\\">
      Know more about each macro
    </button>
    <transition-stub name=\\"modal\\" style=\\"display: none;\\">
      <div data-testid=\\"backdrop\\" class=\\"modal__backdrop\\">
        <article role=\\"dialog\\" aria-labelledby=\\"modalTitle\\" aria-describedby=\\"modalDescription\\" class=\\"modal__container\\">
          <header class=\\"modal__header\\">
            <h1 class=\\"modal__title\\">Macronutrients</h1> <button data-testid=\\"closeButton\\" class=\\"modal__close\\"><svg xmlns=\\"http://www.w3.org/2000/svg\\" viewBox=\\"0 0 20 20\\" fill=\\"currentColor\\" class=\\"modal__close-icon\\">
                <path fill-rule=\\"evenodd\\" d=\\"M4.293 4.293a1 1 0 011.414 0L10 8.586l4.293-4.293a1 1 0 111.414 1.414L11.414 10l4.293 4.293a1 1 0 01-1.414 1.414L10 11.414l-4.293 4.293a1 1 0 01-1.414-1.414L8.586 10 4.293 5.707a1 1 0 010-1.414z\\" clip-rule=\\"evenodd\\"></path>
              </svg></button>
          </header>
          <main class=\\"modal__content\\">
            <h3 class=\\"macros__title\\">Protein</h3>
            <p>
              Each gram of protein has 4 calories. The function of protein is to
              create and regenerate our body tissues such as skin, nails, hair,
              organs and muscles. Like carbohydrate, it changes the absorption
              time. depending on its origin (example of slow absorption: eggs,
              casein. Example of quick: whey, meat. The ideal is to ingest protein
              from slow absorption before a long period without eating. But that's
              not will cause big differences, worry more about the biological
              value of this protein, proteins from animal sources such as eggs and
              meat have a better biological value than q from whole sources. the
              better the biological value, the better your muscles will absorb.
            </p>
            <h3 class=\\"macros__title\\">Fat</h3>
            <p>
              Each gram of fat has 9 calories. The function of fat is provide
              energy for the body, synthesize hormones, are the vehicle for
              fat-soluble vitamins, compose cellular structures and increase the
              palatability of foods. Your fonts can be both animal and vegetable.
              The main sources of fat are: cheeses, meat, milk, olives,
              chocolates, butter, eggs, etc.
            </p>
            <h3 class=\\"macros__title\\">Carbohydrate</h3>
            <p>
              Carbohydrate has 4 calories per gram. Its function is to provide
              energy and glycogen for muscles, brain, bone marrow and various
              functions of the nervous system. Depending on the source of
              carbohydrate, this changes your glycemic index, which is the speed
              that it is processed and peak amount of insulin it produces.
              Carbohydrate when it is quickly processed and is not used as a
              source of energy, it converts into adipose tissue (its fats), by
              this, avoid foods with a high glycemic index such as: sweets, soft
              drinks, food made with flour such as Paes and pasta. use wisely, put
              this type of food for a post workout, or upon waking up, which is
              when your body really needs to use itself.
            </p>
          </main>
        </article>
      </div>
    </transition-stub>
  </aside>
</div>"
`;
